// Jest Snapshot v1, https://goo.gl/fbAQLP

exports[`render Panel 1`] = `
<styled.div
  aria-hidden={false}
  aria-labelledby="react-tabtab-undefined"
  id="react-tabtab-panel-undefined"
  role="tabpanel"
/>
`;
