// Jest Snapshot v1, https://goo.gl/fbAQLP

exports[`render Tabs normal drag tabs 1`] = `"<div><div><div class=\\"sc-bdVaJa fzhJWH\\"><div><div class=\\"sc-fjdhpX gAbfpE\\"><svg viewBox=\\"0 0 40 40\\" fill=\\"currentColor\\" height=\\"1em\\" width=\\"1em\\" style=\\"vertical-align: middle;\\"><g><path d=\\"m25.7 12.3l-7.7 7.7 7.7 7.7-2.3 2.3-10-10 10-10z\\"></path></g></svg></div><div class=\\"sc-fjdhpX gYthMW\\"><svg viewBox=\\"0 0 40 40\\" fill=\\"currentColor\\" height=\\"1em\\" width=\\"1em\\" style=\\"vertical-align: middle;\\"><g><path d=\\"m16.6 10l10 10-10 10-2.3-2.3 7.7-7.7-7.7-7.7z\\"></path></g></svg></div></div><div class=\\"sc-bwzfXH fvdpZL\\"><ul role=\\"tablist\\" class=\\"sc-htpNat ezotGS\\"><li role=\\"tab\\" id=\\"react-tabtab-tab-0\\" aria-controls=\\"react-tabtab-panel-0\\" aria-selected=\\"true\\" class=\\"sc-EHOje cszVDW\\"><span class=\\"sc-bZQynM gIZEjL\\">DragTab1</span></li><li role=\\"tab\\" id=\\"react-tabtab-tab-1\\" aria-controls=\\"react-tabtab-panel-1\\" aria-selected=\\"false\\" class=\\"sc-EHOje cszVDW\\"><span class=\\"sc-bZQynM gIZEjL\\">DragTab2</span></li></ul></div></div></div><div><div role=\\"tabpanel\\" id=\\"react-tabtab-panel-0\\" aria-labelledby=\\"react-tabtab-0\\" aria-hidden=\\"false\\" class=\\"sc-gzVnrw jnZyxb\\">Content1</div><div role=\\"tabpanel\\" id=\\"react-tabtab-panel-1\\" aria-labelledby=\\"react-tabtab-1\\" aria-hidden=\\"false\\" class=\\"sc-gzVnrw csBXJJ\\"></div></div></div>"`;

exports[`render Tabs normal drag with ExtraButton 1`] = `"<div><div><button class=\\"sc-htoDjs dmTOMv\\">+</button><div class=\\"sc-bdVaJa fzhJWH\\"><div><div class=\\"sc-dxgOiQ diAQHo\\"><svg viewBox=\\"0 0 40 40\\" fill=\\"currentColor\\" height=\\"1em\\" width=\\"1em\\" style=\\"vertical-align: middle;\\"><g><path d=\\"m25.7 12.3l-7.7 7.7 7.7 7.7-2.3 2.3-10-10 10-10z\\"></path></g></svg></div><div class=\\"sc-dxgOiQ fusejr\\"><svg viewBox=\\"0 0 40 40\\" fill=\\"currentColor\\" height=\\"1em\\" width=\\"1em\\" style=\\"vertical-align: middle;\\"><g><path d=\\"m16.6 10l10 10-10 10-2.3-2.3 7.7-7.7-7.7-7.7z\\"></path></g></svg></div></div><div class=\\"sc-bwzfXH fvdpZL\\"><ul role=\\"tablist\\" class=\\"sc-htpNat ezotGS\\"><li role=\\"tab\\" id=\\"react-tabtab-tab-0\\" aria-controls=\\"react-tabtab-panel-0\\" aria-selected=\\"true\\" class=\\"sc-EHOje cszVDW\\"><span class=\\"sc-bZQynM gIZEjL\\">DragTab1</span></li><li role=\\"tab\\" id=\\"react-tabtab-tab-1\\" aria-controls=\\"react-tabtab-panel-1\\" aria-selected=\\"false\\" class=\\"sc-EHOje cszVDW\\"><span class=\\"sc-bZQynM gIZEjL\\">DragTab2</span></li></ul></div></div></div><div><div role=\\"tabpanel\\" id=\\"react-tabtab-panel-0\\" aria-labelledby=\\"react-tabtab-0\\" aria-hidden=\\"false\\" class=\\"sc-gzVnrw jnZyxb\\">Content1</div><div role=\\"tabpanel\\" id=\\"react-tabtab-panel-1\\" aria-labelledby=\\"react-tabtab-1\\" aria-hidden=\\"false\\" class=\\"sc-gzVnrw csBXJJ\\"></div></div></div>"`;

exports[`render Tabs normal tab with ExtraButton 1`] = `"<div><div><button class=\\"sc-htoDjs dmTOMv\\">+</button><div class=\\"sc-bdVaJa fzhJWH\\"><div><div class=\\"sc-chPdSV fOysLs\\"><svg viewBox=\\"0 0 40 40\\" fill=\\"currentColor\\" height=\\"1em\\" width=\\"1em\\" style=\\"vertical-align: middle;\\"><g><path d=\\"m25.7 12.3l-7.7 7.7 7.7 7.7-2.3 2.3-10-10 10-10z\\"></path></g></svg></div><div class=\\"sc-chPdSV exkSfS\\"><svg viewBox=\\"0 0 40 40\\" fill=\\"currentColor\\" height=\\"1em\\" width=\\"1em\\" style=\\"vertical-align: middle;\\"><g><path d=\\"m16.6 10l10 10-10 10-2.3-2.3 7.7-7.7-7.7-7.7z\\"></path></g></svg></div></div><div class=\\"sc-bwzfXH fvdpZL\\"><ul role=\\"tablist\\" class=\\"sc-htpNat ezotGS\\"><li role=\\"tab\\" id=\\"react-tabtab-tab-0\\" aria-controls=\\"react-tabtab-panel-0\\" aria-selected=\\"true\\" class=\\"sc-EHOje cszVDW\\"><span class=\\"sc-bZQynM gIZEjL\\">Tab1</span></li><li role=\\"tab\\" id=\\"react-tabtab-tab-1\\" aria-controls=\\"react-tabtab-panel-1\\" aria-selected=\\"false\\" class=\\"sc-EHOje cszVDW\\"><span class=\\"sc-bZQynM gIZEjL\\">Tab2</span></li></ul></div></div></div><div><div role=\\"tabpanel\\" id=\\"react-tabtab-panel-0\\" aria-labelledby=\\"react-tabtab-0\\" aria-hidden=\\"false\\" class=\\"sc-gzVnrw jnZyxb\\">Content1</div><div role=\\"tabpanel\\" id=\\"react-tabtab-panel-1\\" aria-labelledby=\\"react-tabtab-1\\" aria-hidden=\\"false\\" class=\\"sc-gzVnrw csBXJJ\\"></div></div></div>"`;

exports[`render Tabs normal tabs 1`] = `"<div><div><div class=\\"sc-bdVaJa fzhJWH\\"><div><div class=\\"sc-gZMcBi kGTUtH\\"><svg viewBox=\\"0 0 40 40\\" fill=\\"currentColor\\" height=\\"1em\\" width=\\"1em\\" style=\\"vertical-align: middle;\\"><g><path d=\\"m25.7 12.3l-7.7 7.7 7.7 7.7-2.3 2.3-10-10 10-10z\\"></path></g></svg></div><div class=\\"sc-gZMcBi fPUvwG\\"><svg viewBox=\\"0 0 40 40\\" fill=\\"currentColor\\" height=\\"1em\\" width=\\"1em\\" style=\\"vertical-align: middle;\\"><g><path d=\\"m16.6 10l10 10-10 10-2.3-2.3 7.7-7.7-7.7-7.7z\\"></path></g></svg></div></div><div class=\\"sc-bwzfXH fvdpZL\\"><ul role=\\"tablist\\" class=\\"sc-htpNat ezotGS\\"><li role=\\"tab\\" id=\\"react-tabtab-tab-0\\" aria-controls=\\"react-tabtab-panel-0\\" aria-selected=\\"true\\" class=\\"sc-EHOje cszVDW\\"><span class=\\"sc-bZQynM gIZEjL\\">Tab1</span></li><li role=\\"tab\\" id=\\"react-tabtab-tab-1\\" aria-controls=\\"react-tabtab-panel-1\\" aria-selected=\\"false\\" class=\\"sc-EHOje cszVDW\\"><span class=\\"sc-bZQynM gIZEjL\\">Tab2</span></li></ul></div></div></div><div><div role=\\"tabpanel\\" id=\\"react-tabtab-panel-0\\" aria-labelledby=\\"react-tabtab-0\\" aria-hidden=\\"false\\" class=\\"sc-gzVnrw jnZyxb\\">Content1</div><div role=\\"tabpanel\\" id=\\"react-tabtab-panel-1\\" aria-labelledby=\\"react-tabtab-1\\" aria-hidden=\\"false\\" class=\\"sc-gzVnrw csBXJJ\\"></div></div></div>"`;
